[WARNING STA-1171] platforms/cryo7/gen/0.7V_300K_maxtran.lib line 24, default_fanout_load is 0.0.
[WARNING STA-1171] platforms/cryo7/cryo7_tie_R.lib line 17, default_fanout_load is 0.0.
===== report_power: default activity =====
Group                  Internal  Switching    Leakage      Total
                          Power      Power      Power      Power (Watts)
----------------------------------------------------------------
Sequential             4.11e-04   7.53e-05   5.83e-06   4.92e-04  27.5%
Combinational          6.56e-04   3.67e-04   1.62e-05   1.04e-03  58.1%
Clock                  1.85e-04   7.25e-05   1.53e-06   2.59e-04  14.5%
Macro                  0.00e+00   0.00e+00   0.00e+00   0.00e+00   0.0%
Pad                    0.00e+00   0.00e+00   0.00e+00   0.00e+00   0.0%
----------------------------------------------------------------
Total                  1.25e-03   5.15e-04   2.36e-05   1.79e-03 100.0%
                          69.9%      28.8%       1.3%
Annotated 1231 pin activities.
===== report_power: VCD activity (/tmp/tmp.RZpWUZjICJ/activity.vcd) =====
Group                  Internal  Switching    Leakage      Total
                          Power      Power      Power      Power (Watts)
----------------------------------------------------------------
Sequential             2.51e-04   1.55e-05   5.63e-06   2.72e-04  34.9%
Combinational          1.45e-04   8.73e-05   1.61e-05   2.48e-04  31.8%
Clock                  1.85e-04   7.25e-05   1.53e-06   2.59e-04  33.2%
Macro                  0.00e+00   0.00e+00   0.00e+00   0.00e+00   0.0%
Pad                    0.00e+00   0.00e+00   0.00e+00   0.00e+00   0.0%
----------------------------------------------------------------
Total                  5.80e-04   1.75e-04   2.33e-05   7.79e-04 100.0%
                          74.5%      22.5%       3.0%
