[WARNING STA-1171] platforms/cryo7/gen/0.7V_300K_maxtran.lib line 24, default_fanout_load is 0.0.
[WARNING STA-1171] platforms/cryo7/cryo7_tie_R.lib line 17, default_fanout_load is 0.0.
===== report_power: default activity =====
Group                  Internal  Switching    Leakage      Total
                          Power      Power      Power      Power (Watts)
----------------------------------------------------------------
Sequential             3.84e-04   4.67e-05   5.83e-06   4.36e-04  36.9%
Combinational          2.20e-04   3.07e-04   8.07e-06   5.36e-04  45.4%
Clock                  1.41e-04   6.70e-05   1.29e-06   2.09e-04  17.7%
Macro                  0.00e+00   0.00e+00   0.00e+00   0.00e+00   0.0%
Pad                    0.00e+00   0.00e+00   0.00e+00   0.00e+00   0.0%
----------------------------------------------------------------
Total                  7.45e-04   4.21e-04   1.52e-05   1.18e-03 100.0%
                          63.1%      35.7%       1.3%
Annotated 1276 pin activities.
===== report_power: VCD activity (/tmp/tmp.TFAoEp3SlS/activity.vcd) =====
Group                  Internal  Switching    Leakage      Total
                          Power      Power      Power      Power (Watts)
----------------------------------------------------------------
Sequential             2.45e-04   1.17e-05   5.63e-06   2.62e-04  42.3%
Combinational          5.99e-05   8.09e-05   8.26e-06   1.49e-04  24.0%
Clock                  1.41e-04   6.70e-05   1.29e-06   2.09e-04  33.7%
Macro                  0.00e+00   0.00e+00   0.00e+00   0.00e+00   0.0%
Pad                    0.00e+00   0.00e+00   0.00e+00   0.00e+00   0.0%
----------------------------------------------------------------
Total                  4.46e-04   1.60e-04   1.52e-05   6.21e-04 100.0%
                          71.8%      25.7%       2.4%
