[WARNING STA-1171] platforms/cryo7/gen/0.7V_300K_maxtran.lib line 24, default_fanout_load is 0.0.
===== report_power: default activity =====
Group                  Internal  Switching    Leakage      Total
                          Power      Power      Power      Power (Watts)
----------------------------------------------------------------
Sequential             2.41e-04   3.43e-05   3.21e-06   2.79e-04  28.7%
Combinational          2.56e-04   2.09e-04   1.50e-05   4.80e-04  49.5%
Clock                  1.41e-04   6.94e-05   1.24e-06   2.11e-04  21.8%
Macro                  0.00e+00   0.00e+00   0.00e+00   0.00e+00   0.0%
Pad                    0.00e+00   0.00e+00   0.00e+00   0.00e+00   0.0%
----------------------------------------------------------------
Total                  6.38e-04   3.13e-04   1.94e-05   9.70e-04 100.0%
                          65.7%      32.3%       2.0%
Annotated 1331 pin activities.
===== report_power: VCD activity (/tmp/tmp.dv6RjbnEFs/activity.vcd) =====
Group                  Internal  Switching    Leakage      Total
                          Power      Power      Power      Power (Watts)
----------------------------------------------------------------
Sequential             2.27e-04   1.80e-05   3.40e-06   2.48e-04  34.6%
Combinational          1.28e-04   1.15e-04   1.55e-05   2.58e-04  36.0%
Clock                  1.41e-04   6.94e-05   1.24e-06   2.11e-04  29.4%
Macro                  0.00e+00   0.00e+00   0.00e+00   0.00e+00   0.0%
Pad                    0.00e+00   0.00e+00   0.00e+00   0.00e+00   0.0%
----------------------------------------------------------------
Total                  4.95e-04   2.02e-04   2.02e-05   7.18e-04 100.0%
                          69.0%      28.1%       2.8%
