[WARNING STA-1171] platforms/cryo7/gen/0.7V_300K_maxtran.lib line 24, default_fanout_load is 0.0.
[WARNING STA-1171] platforms/cryo7/cryo7_tie_R.lib line 17, default_fanout_load is 0.0.
===== report_power: default activity =====
Group                  Internal  Switching    Leakage      Total
                          Power      Power      Power      Power (Watts)
----------------------------------------------------------------
Sequential             3.97e-04   7.94e-05   5.83e-06   4.83e-04  28.2%
Combinational          6.15e-04   3.46e-04   1.56e-05   9.77e-04  57.1%
Clock                  1.79e-04   7.03e-05   1.53e-06   2.51e-04  14.7%
Macro                  0.00e+00   0.00e+00   0.00e+00   0.00e+00   0.0%
Pad                    0.00e+00   0.00e+00   0.00e+00   0.00e+00   0.0%
----------------------------------------------------------------
Total                  1.19e-03   4.96e-04   2.30e-05   1.71e-03 100.0%
                          69.7%      29.0%       1.3%
Annotated 1213 pin activities.
===== report_power: VCD activity (/tmp/tmp.9MSuBeBt21/activity.vcd) =====
Group                  Internal  Switching    Leakage      Total
                          Power      Power      Power      Power (Watts)
----------------------------------------------------------------
Sequential             2.44e-04   1.89e-05   5.63e-06   2.69e-04  35.7%
Combinational          1.36e-04   8.20e-05   1.55e-05   2.34e-04  31.0%
Clock                  1.79e-04   7.03e-05   1.53e-06   2.51e-04  33.3%
Macro                  0.00e+00   0.00e+00   0.00e+00   0.00e+00   0.0%
Pad                    0.00e+00   0.00e+00   0.00e+00   0.00e+00   0.0%
----------------------------------------------------------------
Total                  5.59e-04   1.71e-04   2.26e-05   7.53e-04 100.0%
                          74.3%      22.7%       3.0%
