[WARNING STA-1171] platforms/cryo7/gen/0.7V_300K_maxtran.lib line 24, default_fanout_load is 0.0.
===== report_power: default activity =====
Group                  Internal  Switching    Leakage      Total
                          Power      Power      Power      Power (Watts)
----------------------------------------------------------------
Sequential             2.40e-04   2.93e-05   3.15e-06   2.73e-04  33.3%
Combinational          1.67e-04   1.86e-04   9.80e-06   3.63e-04  44.4%
Clock                  1.17e-04   6.44e-05   1.02e-06   1.83e-04  22.3%
Macro                  0.00e+00   0.00e+00   0.00e+00   0.00e+00   0.0%
Pad                    0.00e+00   0.00e+00   0.00e+00   0.00e+00   0.0%
----------------------------------------------------------------
Total                  5.25e-04   2.80e-04   1.40e-05   8.18e-04 100.0%
                          64.1%      34.2%       1.7%
Annotated 1331 pin activities.
===== report_power: VCD activity (/tmp/tmp.STYrqmF3RW/activity.vcd) =====
Group                  Internal  Switching    Leakage      Total
                          Power      Power      Power      Power (Watts)
----------------------------------------------------------------
Sequential             2.27e-04   1.42e-05   3.40e-06   2.44e-04  39.1%
Combinational          8.73e-05   1.00e-04   9.98e-06   1.98e-04  31.6%
Clock                  1.17e-04   6.44e-05   1.02e-06   1.83e-04  29.2%
Macro                  0.00e+00   0.00e+00   0.00e+00   0.00e+00   0.0%
Pad                    0.00e+00   0.00e+00   0.00e+00   0.00e+00   0.0%
----------------------------------------------------------------
Total                  4.31e-04   1.79e-04   1.44e-05   6.25e-04 100.0%
                          69.0%      28.7%       2.3%
