[WARNING STA-1171] platforms/cryo7/gen/0.7V_10K_maxtran.lib line 24, default_fanout_load is 0.0.
[WARNING STA-1171] platforms/cryo7/gen/pseudo_0.7V_10K_maxtran_L.lib line 24, default_fanout_load is 0.0.
[WARNING STA-1171] platforms/cryo7/gen/pseudo_0.7V_10K_maxtran_SL.lib line 24, default_fanout_load is 0.0.
[WARNING ORD-2056] The following 404 liberty cell(s) do not have LEF masters and will be marked as dont-use:
  A2O1A1Ixp33_ASAP7_75t_L
  A2O1A1O1Ixp25_ASAP7_75t_L
  AND2x2_ASAP7_75t_L
  AND2x4_ASAP7_75t_L
  AND2x6_ASAP7_75t_L
  AND3x1_ASAP7_75t_L
  AND3x2_ASAP7_75t_L
  AND3x4_ASAP7_75t_L
  AND4x1_ASAP7_75t_L
  AND4x2_ASAP7_75t_L
  AND5x1_ASAP7_75t_L
  AND5x2_ASAP7_75t_L
  AO211x2_ASAP7_75t_L
  AO21x1_ASAP7_75t_L
  AO21x2_ASAP7_75t_L
  AO221x1_ASAP7_75t_L
  AO221x2_ASAP7_75t_L
  AO222x2_ASAP7_75t_L
  AO22x1_ASAP7_75t_L
  AO22x2_ASAP7_75t_L
  AO31x2_ASAP7_75t_L
  AO322x2_ASAP7_75t_L
  AO32x1_ASAP7_75t_L
  AO32x2_ASAP7_75t_L
  AO331x1_ASAP7_75t_L
  AO331x2_ASAP7_75t_L
  AO332x1_ASAP7_75t_L
  AO332x2_ASAP7_75t_L
  AO333x1_ASAP7_75t_L
  AO333x2_ASAP7_75t_L
  AO33x2_ASAP7_75t_L
  AOI211x1_ASAP7_75t_L
  AOI211xp5_ASAP7_75t_L
  AOI21x1_ASAP7_75t_L
  AOI21xp33_ASAP7_75t_L
  AOI21xp5_ASAP7_75t_L
  AOI221x1_ASAP7_75t_L
  AOI221xp5_ASAP7_75t_L
  AOI222xp33_ASAP7_75t_L
  AOI22x1_ASAP7_75t_L
  AOI22xp33_ASAP7_75t_L
  AOI22xp5_ASAP7_75t_L
  AOI311xp33_ASAP7_75t_L
  AOI31xp33_ASAP7_75t_L
  AOI31xp67_ASAP7_75t_L
  AOI321xp33_ASAP7_75t_L
  AOI322xp5_ASAP7_75t_L
  AOI32xp33_ASAP7_75t_L
  AOI331xp33_ASAP7_75t_L
  AOI332xp33_ASAP7_75t_L
  AOI333xp33_ASAP7_75t_L
  AOI33xp33_ASAP7_75t_L
  BUFx10_ASAP7_75t_L
  BUFx12_ASAP7_75t_L
  BUFx12f_ASAP7_75t_L
  BUFx16f_ASAP7_75t_L
  BUFx24_ASAP7_75t_L
  BUFx2_ASAP7_75t_L
  BUFx3_ASAP7_75t_L
  BUFx4_ASAP7_75t_L
  BUFx4f_ASAP7_75t_L
  BUFx5_ASAP7_75t_L
  BUFx6f_ASAP7_75t_L
  BUFx8_ASAP7_75t_L
  CKINVDCx10_ASAP7_75t_L
  CKINVDCx11_ASAP7_75t_L
  CKINVDCx12_ASAP7_75t_L
  CKINVDCx14_ASAP7_75t_L
  CKINVDCx16_ASAP7_75t_L
  CKINVDCx20_ASAP7_75t_L
  CKINVDCx5p33_ASAP7_75t_L
  CKINVDCx6p67_ASAP7_75t_L
  CKINVDCx8_ASAP7_75t_L
  CKINVDCx9p33_ASAP7_75t_L
  DFFASRHQNx1_ASAP7_75t_L
  DFFHQNx1_ASAP7_75t_L
  DFFHQNx2_ASAP7_75t_L
  DFFHQNx3_ASAP7_75t_L
  DFFHQx4_ASAP7_75t_L
  DFFLQNx1_ASAP7_75t_L
  DFFLQNx2_ASAP7_75t_L
  DFFLQNx3_ASAP7_75t_L
  DFFLQx4_ASAP7_75t_L
  DHLx1_ASAP7_75t_L
  DHLx2_ASAP7_75t_L
  DHLx3_ASAP7_75t_L
  DLLx1_ASAP7_75t_L
  DLLx2_ASAP7_75t_L
  DLLx3_ASAP7_75t_L
  FAx1_ASAP7_75t_L
  HAxp5_ASAP7_75t_L
  HB1xp67_ASAP7_75t_L
  HB2xp67_ASAP7_75t_L
  HB3xp67_ASAP7_75t_L
  HB4xp67_ASAP7_75t_L
  ICGx1_ASAP7_75t_L
  ICGx2_ASAP7_75t_L
  ICGx2p67DC_ASAP7_75t_L
  ICGx3_ASAP7_75t_L
  ICGx4DC_ASAP7_75t_L
  ICGx4_ASAP7_75t_L
  ICGx5_ASAP7_75t_L
  ICGx5p33DC_ASAP7_75t_L
  ICGx6p67DC_ASAP7_75t_L
  ICGx8DC_ASAP7_75t_L
  INVx11_ASAP7_75t_L
  INVx13_ASAP7_75t_L
  INVx1_ASAP7_75t_L
  INVx2_ASAP7_75t_L
  INVx3_ASAP7_75t_L
  INVx4_ASAP7_75t_L
  INVx5_ASAP7_75t_L
  INVx6_ASAP7_75t_L
  INVx8_ASAP7_75t_L
  INVxp33_ASAP7_75t_L
  INVxp67_ASAP7_75t_L
  MAJIxp5_ASAP7_75t_L
  MAJx2_ASAP7_75t_L
  MAJx3_ASAP7_75t_L
  NAND2x1_ASAP7_75t_L
  NAND2x1p5_ASAP7_75t_L
  NAND2x2_ASAP7_75t_L
  NAND2xp33_ASAP7_75t_L
  NAND2xp5_ASAP7_75t_L
  NAND2xp67_ASAP7_75t_L
  NAND3x1_ASAP7_75t_L
  NAND3x2_ASAP7_75t_L
  NAND3xp33_ASAP7_75t_L
  NAND4xp25_ASAP7_75t_L
  NAND4xp75_ASAP7_75t_L
  NAND5xp2_ASAP7_75t_L
  NOR2x1_ASAP7_75t_L
  NOR2x1p5_ASAP7_75t_L
  NOR2x2_ASAP7_75t_L
  NOR2xp33_ASAP7_75t_L
  NOR2xp67_ASAP7_75t_L
  NOR3x1_ASAP7_75t_L
  NOR3x2_ASAP7_75t_L
  NOR3xp33_ASAP7_75t_L
  NOR4xp25_ASAP7_75t_L
  NOR4xp75_ASAP7_75t_L
  NOR5xp2_ASAP7_75t_L
  O2A1O1Ixp33_ASAP7_75t_L
  O2A1O1Ixp5_ASAP7_75t_L
  OA211x2_ASAP7_75t_L
  OA21x2_ASAP7_75t_L
  OA221x2_ASAP7_75t_L
  OA222x2_ASAP7_75t_L
  OA22x2_ASAP7_75t_L
  OA31x2_ASAP7_75t_L
  OA331x1_ASAP7_75t_L
  OA331x2_ASAP7_75t_L
  OA332x1_ASAP7_75t_L
  OA332x2_ASAP7_75t_L
  OA333x1_ASAP7_75t_L
  OA333x2_ASAP7_75t_L
  OA33x2_ASAP7_75t_L
  OAI211xp5_ASAP7_75t_L
  OAI21x1_ASAP7_75t_L
  OAI21xp33_ASAP7_75t_L
  OAI21xp5_ASAP7_75t_L
  OAI221xp5_ASAP7_75t_L
  OAI222xp33_ASAP7_75t_L
  OAI22x1_ASAP7_75t_L
  OAI22xp33_ASAP7_75t_L
  OAI22xp5_ASAP7_75t_L
  OAI311xp33_ASAP7_75t_L
  OAI31xp33_ASAP7_75t_L
  OAI31xp67_ASAP7_75t_L
  OAI321xp33_ASAP7_75t_L
  OAI322xp33_ASAP7_75t_L
  OAI32xp33_ASAP7_75t_L
  OAI331xp33_ASAP7_75t_L
  OAI332xp33_ASAP7_75t_L
  OAI333xp33_ASAP7_75t_L
  OAI33xp33_ASAP7_75t_L
  OR2x2_ASAP7_75t_L
  OR2x4_ASAP7_75t_L
  OR2x6_ASAP7_75t_L
  OR3x1_ASAP7_75t_L
  OR3x2_ASAP7_75t_L
  OR3x4_ASAP7_75t_L
  OR4x1_ASAP7_75t_L
  OR4x2_ASAP7_75t_L
  OR5x1_ASAP7_75t_L
  OR5x2_ASAP7_75t_L
  SDFHx1_ASAP7_75t_L
  SDFHx2_ASAP7_75t_L
  SDFHx3_ASAP7_75t_L
  SDFHx4_ASAP7_75t_L
  SDFLx1_ASAP7_75t_L
  SDFLx2_ASAP7_75t_L
  SDFLx3_ASAP7_75t_L
  SDFLx4_ASAP7_75t_L
  TIEHIx1_ASAP7_75t_L
  TIELOx1_ASAP7_75t_L
  XNOR2x1_ASAP7_75t_L
  XNOR2x2_ASAP7_75t_L
  XNOR2xp5_ASAP7_75t_L
  XOR2x1_ASAP7_75t_L
  XOR2x2_ASAP7_75t_L
  XOR2xp5_ASAP7_75t_L
  A2O1A1Ixp33_ASAP7_75t_SL
  A2O1A1O1Ixp25_ASAP7_75t_SL
  AND2x2_ASAP7_75t_SL
  AND2x4_ASAP7_75t_SL
  AND2x6_ASAP7_75t_SL
  AND3x1_ASAP7_75t_SL
  AND3x2_ASAP7_75t_SL
  AND3x4_ASAP7_75t_SL
  AND4x1_ASAP7_75t_SL
  AND4x2_ASAP7_75t_SL
  AND5x1_ASAP7_75t_SL
  AND5x2_ASAP7_75t_SL
  AO211x2_ASAP7_75t_SL
  AO21x1_ASAP7_75t_SL
  AO21x2_ASAP7_75t_SL
  AO221x1_ASAP7_75t_SL
  AO221x2_ASAP7_75t_SL
  AO222x2_ASAP7_75t_SL
  AO22x1_ASAP7_75t_SL
  AO22x2_ASAP7_75t_SL
  AO31x2_ASAP7_75t_SL
  AO322x2_ASAP7_75t_SL
  AO32x1_ASAP7_75t_SL
  AO32x2_ASAP7_75t_SL
  AO331x1_ASAP7_75t_SL
  AO331x2_ASAP7_75t_SL
  AO332x1_ASAP7_75t_SL
  AO332x2_ASAP7_75t_SL
  AO333x1_ASAP7_75t_SL
  AO333x2_ASAP7_75t_SL
  AO33x2_ASAP7_75t_SL
  AOI211x1_ASAP7_75t_SL
  AOI211xp5_ASAP7_75t_SL
  AOI21x1_ASAP7_75t_SL
  AOI21xp33_ASAP7_75t_SL
  AOI21xp5_ASAP7_75t_SL
  AOI221x1_ASAP7_75t_SL
  AOI221xp5_ASAP7_75t_SL
  AOI222xp33_ASAP7_75t_SL
  AOI22x1_ASAP7_75t_SL
  AOI22xp33_ASAP7_75t_SL
  AOI22xp5_ASAP7_75t_SL
  AOI311xp33_ASAP7_75t_SL
  AOI31xp33_ASAP7_75t_SL
  AOI31xp67_ASAP7_75t_SL
  AOI321xp33_ASAP7_75t_SL
  AOI322xp5_ASAP7_75t_SL
  AOI32xp33_ASAP7_75t_SL
  AOI331xp33_ASAP7_75t_SL
  AOI332xp33_ASAP7_75t_SL
  AOI333xp33_ASAP7_75t_SL
  AOI33xp33_ASAP7_75t_SL
  BUFx10_ASAP7_75t_SL
  BUFx12_ASAP7_75t_SL
  BUFx12f_ASAP7_75t_SL
  BUFx16f_ASAP7_75t_SL
  BUFx24_ASAP7_75t_SL
  BUFx2_ASAP7_75t_SL
  BUFx3_ASAP7_75t_SL
  BUFx4_ASAP7_75t_SL
  BUFx4f_ASAP7_75t_SL
  BUFx5_ASAP7_75t_SL
  BUFx6f_ASAP7_75t_SL
  BUFx8_ASAP7_75t_SL
  CKINVDCx10_ASAP7_75t_SL
  CKINVDCx11_ASAP7_75t_SL
  CKINVDCx12_ASAP7_75t_SL
  CKINVDCx14_ASAP7_75t_SL
  CKINVDCx16_ASAP7_75t_SL
  CKINVDCx20_ASAP7_75t_SL
  CKINVDCx5p33_ASAP7_75t_SL
  CKINVDCx6p67_ASAP7_75t_SL
  CKINVDCx8_ASAP7_75t_SL
  CKINVDCx9p33_ASAP7_75t_SL
  DFFASRHQNx1_ASAP7_75t_SL
  DFFHQNx1_ASAP7_75t_SL
  DFFHQNx2_ASAP7_75t_SL
  DFFHQNx3_ASAP7_75t_SL
  DFFHQx4_ASAP7_75t_SL
  DFFLQNx1_ASAP7_75t_SL
  DFFLQNx2_ASAP7_75t_SL
  DFFLQNx3_ASAP7_75t_SL
  DFFLQx4_ASAP7_75t_SL
  DHLx1_ASAP7_75t_SL
  DHLx2_ASAP7_75t_SL
  DHLx3_ASAP7_75t_SL
  DLLx1_ASAP7_75t_SL
  DLLx2_ASAP7_75t_SL
  DLLx3_ASAP7_75t_SL
  FAx1_ASAP7_75t_SL
  HAxp5_ASAP7_75t_SL
  HB1xp67_ASAP7_75t_SL
  HB2xp67_ASAP7_75t_SL
  HB3xp67_ASAP7_75t_SL
  HB4xp67_ASAP7_75t_SL
  ICGx1_ASAP7_75t_SL
  ICGx2_ASAP7_75t_SL
  ICGx2p67DC_ASAP7_75t_SL
  ICGx3_ASAP7_75t_SL
  ICGx4DC_ASAP7_75t_SL
  ICGx4_ASAP7_75t_SL
  ICGx5_ASAP7_75t_SL
  ICGx5p33DC_ASAP7_75t_SL
  ICGx6p67DC_ASAP7_75t_SL
  ICGx8DC_ASAP7_75t_SL
  INVx11_ASAP7_75t_SL
  INVx13_ASAP7_75t_SL
  INVx1_ASAP7_75t_SL
  INVx2_ASAP7_75t_SL
  INVx3_ASAP7_75t_SL
  INVx4_ASAP7_75t_SL
  INVx5_ASAP7_75t_SL
  INVx6_ASAP7_75t_SL
  INVx8_ASAP7_75t_SL
  INVxp33_ASAP7_75t_SL
  INVxp67_ASAP7_75t_SL
  MAJIxp5_ASAP7_75t_SL
  MAJx2_ASAP7_75t_SL
  MAJx3_ASAP7_75t_SL
  NAND2x1_ASAP7_75t_SL
  NAND2x1p5_ASAP7_75t_SL
  NAND2x2_ASAP7_75t_SL
  NAND2xp33_ASAP7_75t_SL
  NAND2xp5_ASAP7_75t_SL
  NAND2xp67_ASAP7_75t_SL
  NAND3x1_ASAP7_75t_SL
  NAND3x2_ASAP7_75t_SL
  NAND3xp33_ASAP7_75t_SL
  NAND4xp25_ASAP7_75t_SL
  NAND4xp75_ASAP7_75t_SL
  NAND5xp2_ASAP7_75t_SL
  NOR2x1_ASAP7_75t_SL
  NOR2x1p5_ASAP7_75t_SL
  NOR2x2_ASAP7_75t_SL
  NOR2xp33_ASAP7_75t_SL
  NOR2xp67_ASAP7_75t_SL
  NOR3x1_ASAP7_75t_SL
  NOR3x2_ASAP7_75t_SL
  NOR3xp33_ASAP7_75t_SL
  NOR4xp25_ASAP7_75t_SL
  NOR4xp75_ASAP7_75t_SL
  NOR5xp2_ASAP7_75t_SL
  O2A1O1Ixp33_ASAP7_75t_SL
  O2A1O1Ixp5_ASAP7_75t_SL
  OA211x2_ASAP7_75t_SL
  OA21x2_ASAP7_75t_SL
  OA221x2_ASAP7_75t_SL
  OA222x2_ASAP7_75t_SL
  OA22x2_ASAP7_75t_SL
  OA31x2_ASAP7_75t_SL
  OA331x1_ASAP7_75t_SL
  OA331x2_ASAP7_75t_SL
  OA332x1_ASAP7_75t_SL
  OA332x2_ASAP7_75t_SL
  OA333x1_ASAP7_75t_SL
  OA333x2_ASAP7_75t_SL
  OA33x2_ASAP7_75t_SL
  OAI211xp5_ASAP7_75t_SL
  OAI21x1_ASAP7_75t_SL
  OAI21xp33_ASAP7_75t_SL
  OAI21xp5_ASAP7_75t_SL
  OAI221xp5_ASAP7_75t_SL
  OAI222xp33_ASAP7_75t_SL
  OAI22x1_ASAP7_75t_SL
  OAI22xp33_ASAP7_75t_SL
  OAI22xp5_ASAP7_75t_SL
  OAI311xp33_ASAP7_75t_SL
  OAI31xp33_ASAP7_75t_SL
  OAI31xp67_ASAP7_75t_SL
  OAI321xp33_ASAP7_75t_SL
  OAI322xp33_ASAP7_75t_SL
  OAI32xp33_ASAP7_75t_SL
  OAI331xp33_ASAP7_75t_SL
  OAI332xp33_ASAP7_75t_SL
  OAI333xp33_ASAP7_75t_SL
  OAI33xp33_ASAP7_75t_SL
  OR2x2_ASAP7_75t_SL
  OR2x4_ASAP7_75t_SL
  OR2x6_ASAP7_75t_SL
  OR3x1_ASAP7_75t_SL
  OR3x2_ASAP7_75t_SL
  OR3x4_ASAP7_75t_SL
  OR4x1_ASAP7_75t_SL
  OR4x2_ASAP7_75t_SL
  OR5x1_ASAP7_75t_SL
  OR5x2_ASAP7_75t_SL
  SDFHx1_ASAP7_75t_SL
  SDFHx2_ASAP7_75t_SL
  SDFHx3_ASAP7_75t_SL
  SDFHx4_ASAP7_75t_SL
  SDFLx1_ASAP7_75t_SL
  SDFLx2_ASAP7_75t_SL
  SDFLx3_ASAP7_75t_SL
  SDFLx4_ASAP7_75t_SL
  TIEHIx1_ASAP7_75t_SL
  TIELOx1_ASAP7_75t_SL
  XNOR2x1_ASAP7_75t_SL
  XNOR2x2_ASAP7_75t_SL
  XNOR2xp5_ASAP7_75t_SL
  XOR2x1_ASAP7_75t_SL
  XOR2x2_ASAP7_75t_SL
  XOR2xp5_ASAP7_75t_SL
===== report_power: default activity =====
Group                  Internal  Switching    Leakage      Total
                          Power      Power      Power      Power (Watts)
----------------------------------------------------------------
Sequential             3.47e-04   4.41e-05   6.67e-10   3.91e-04  32.3%
Combinational          2.71e-04   3.47e-04   1.95e-09   6.18e-04  51.0%
Clock                  1.28e-04   7.36e-05   4.43e-11   2.02e-04  16.6%
Macro                  0.00e+00   0.00e+00   0.00e+00   0.00e+00   0.0%
Pad                    0.00e+00   0.00e+00   0.00e+00   0.00e+00   0.0%
----------------------------------------------------------------
Total                  7.46e-04   4.65e-04   2.67e-09   1.21e-03 100.0%
                          61.6%      38.4%       0.0%
Annotated 1346 pin activities.
===== report_power: VCD activity (/tmp/tmp.i1W3hKDbqF/activity.vcd) =====
Group                  Internal  Switching    Leakage      Total
                          Power      Power      Power      Power (Watts)
----------------------------------------------------------------
Sequential             2.33e-04   1.19e-05   6.66e-10   2.45e-04  40.3%
Combinational          7.07e-05   9.09e-05   2.03e-09   1.62e-04  26.6%
Clock                  1.28e-04   7.36e-05   4.43e-11   2.02e-04  33.1%
Macro                  0.00e+00   0.00e+00   0.00e+00   0.00e+00   0.0%
Pad                    0.00e+00   0.00e+00   0.00e+00   0.00e+00   0.0%
----------------------------------------------------------------
Total                  4.32e-04   1.76e-04   2.74e-09   6.08e-04 100.0%
                          71.0%      29.0%       0.0%
