[WARNING STA-1171] platforms/cryo7/gen/0.7V_300K_maxtran.lib line 24, default_fanout_load is 0.0.
===== report_power: default activity =====
Group                  Internal  Switching    Leakage      Total
                          Power      Power      Power      Power (Watts)
----------------------------------------------------------------
Sequential             5.63e-03   8.44e-04   2.06e-04   6.68e-03   6.0%
Combinational          5.92e-02   4.13e-02   1.04e-03   1.02e-01  91.4%
Clock                  1.65e-03   1.20e-03   4.65e-05   2.90e-03   2.6%
Macro                  0.00e+00   0.00e+00   0.00e+00   0.00e+00   0.0%
Pad                    0.00e+00   0.00e+00   0.00e+00   0.00e+00   0.0%
----------------------------------------------------------------
Total                  6.65e-02   4.34e-02   1.30e-03   1.11e-01 100.0%
                          59.8%      39.0%       1.2%
Annotated 69078 pin activities.
===== report_power: VCD activity (/tmp/tmp.7akbDzP9R6/activity.vcd) =====
Group                  Internal  Switching    Leakage      Total
                          Power      Power      Power      Power (Watts)
----------------------------------------------------------------
Sequential             2.48e-03   1.34e-06   2.26e-04   2.71e-03  49.7%
Combinational          7.11e-05   1.46e-04   9.43e-04   1.16e-03  21.3%
Clock                  8.95e-04   6.54e-04   3.79e-05   1.59e-03  29.1%
Macro                  0.00e+00   0.00e+00   0.00e+00   0.00e+00   0.0%
Pad                    0.00e+00   0.00e+00   0.00e+00   0.00e+00   0.0%
----------------------------------------------------------------
Total                  3.45e-03   8.02e-04   1.21e-03   5.46e-03 100.0%
                          63.2%      14.7%      22.1%
